{"level":"info","message":"Registering user: 0x3524475669908C46b4417743D2B9D0d16a4eF378","timestamp":"2024-07-31T10:13:56.884Z"}
{"level":"info","message":"Creating credential","timestamp":"2024-07-31T10:13:56.885Z"}
{"error":"","level":"error","message":"Error in registration process","timestamp":"2024-07-31T10:13:56.892Z","username":"0x3524475669908C46b4417743D2B9D0d16a4eF378"}
{"level":"info","message":"Registering user: 0x3524475669908C46b4417743D2B9D0d16a4eF378","timestamp":"2024-07-31T10:18:34.707Z"}
{"level":"info","message":"Creating credential","timestamp":"2024-07-31T10:18:34.709Z"}
{"error":"","level":"error","message":"Error in registration process","timestamp":"2024-07-31T10:18:34.715Z","username":"0x3524475669908C46b4417743D2B9D0d16a4eF378"}
{"level":"info","message":"Registering user: 0x3524475669908C46b4417743D2B9D0d16a4eF378","timestamp":"2024-07-31T10:43:19.924Z"}
{"level":"info","message":"Creating credential","timestamp":"2024-07-31T10:43:19.926Z"}
{"error":"connect ECONNREFUSED 34.100.214.82:3002","level":"error","message":"Error in registration process","timestamp":"2024-07-31T10:43:22.166Z","username":"0x3524475669908C46b4417743D2B9D0d16a4eF378"}
{"level":"info","message":"Registering user: 0x3524475669908C46b4417743D2B9D0d16a4eF378","timestamp":"2024-07-31T10:45:00.133Z"}
{"level":"info","message":"Creating credential","timestamp":"2024-07-31T10:45:00.135Z"}
{"error":"connect ECONNREFUSED 34.100.214.82:3002","level":"error","message":"Error in registration process","timestamp":"2024-07-31T10:45:02.353Z","username":"0x3524475669908C46b4417743D2B9D0d16a4eF378"}
{"level":"info","message":"Registering user: 0x3524475669908C46b4417743D2B9D0d16a4eF378","timestamp":"2024-08-01T09:05:08.239Z"}
{"level":"info","message":"Creating credential","timestamp":"2024-08-01T09:05:08.241Z"}
{"level":"info","message":"Creating QR code","timestamp":"2024-08-01T09:05:09.770Z"}
{"error":{"message":"Error in aadhaar service"},"level":"error","message":"Error in registration process","timestamp":"2024-08-01T09:05:39.861Z","username":"0x3524475669908C46b4417743D2B9D0d16a4eF378"}
{"level":"info","message":"Registering user: undefined","timestamp":"2024-08-01T09:07:52.499Z"}
{"level":"info","message":"Creating credential","timestamp":"2024-08-01T09:07:52.502Z"}
{"level":"info","message":"Creating QR code","timestamp":"2024-08-01T09:07:52.672Z"}
{"error":{"message":"Error in aadhaar service"},"level":"error","message":"Error in registration process","timestamp":"2024-08-01T09:08:22.763Z"}
{"level":"info","message":"Registering user: 0x3524475669908C46b4417743D2B9D0d16a4eF378","timestamp":"2024-08-01T09:15:38.631Z"}
{"level":"info","message":"Creating credential","timestamp":"2024-08-01T09:15:38.634Z"}
{"level":"info","message":"Creating QR code","timestamp":"2024-08-01T09:15:40.155Z"}
{"error":{"message":"Error in aadhaar service"},"level":"error","message":"Error in registration process","timestamp":"2024-08-01T09:16:10.239Z","username":"0x3524475669908C46b4417743D2B9D0d16a4eF378"}
{"level":"info","message":"Registering user: 0x3524475669908C46b4417743D2B9D0d16a4eF378","timestamp":"2024-08-01T09:21:26.779Z"}
{"level":"info","message":"Creating credential","timestamp":"2024-08-01T09:21:26.781Z"}
{"level":"info","message":"Creating QR code","timestamp":"2024-08-01T09:21:27.631Z"}
{"error":{"message":"Error in aadhaar service"},"level":"error","message":"Error in registration process","timestamp":"2024-08-01T09:21:57.713Z","username":"0x3524475669908C46b4417743D2B9D0d16a4eF378"}
{"level":"info","message":"Registering user: 0x3524475669908C46b4417743D2B9D0d16a4eF378","timestamp":"2024-08-01T09:27:20.307Z"}
{"level":"info","message":"Creating credential","timestamp":"2024-08-01T09:27:20.309Z"}
{"level":"info","message":"Creating QR code","timestamp":"2024-08-01T09:27:21.630Z"}
{"error":{"message":"Error in aadhaar service"},"level":"error","message":"Error in registration process","timestamp":"2024-08-01T09:27:51.718Z","username":"0x3524475669908C46b4417743D2B9D0d16a4eF378"}
{"level":"info","message":"Registering user: undefined","timestamp":"2024-08-02T05:21:01.271Z"}
{"level":"info","message":"Creating credential","timestamp":"2024-08-02T05:21:01.272Z"}
{"level":"info","message":"Creating QR code","timestamp":"2024-08-02T05:21:03.117Z"}
{"level":"info","message":"QR code link generated: http://34.93.171.75:3002/v1/qr-store?id=54ec9bf2-a32b-4403-b068-43d1b57e0d40","timestamp":"2024-08-02T05:21:03.208Z"}
{"error":"User validation failed: username: Path `username` is required.","level":"error","message":"Error in saving user:","timestamp":"2024-08-02T05:21:03.335Z"}
{"level":"info","message":"Registering user: undefined","timestamp":"2024-08-02T05:21:38.761Z"}
{"level":"info","message":"Creating credential","timestamp":"2024-08-02T05:21:38.762Z"}
{"level":"info","message":"Creating QR code","timestamp":"2024-08-02T05:21:38.912Z"}
{"level":"info","message":"QR code link generated: http://34.93.171.75:3002/v1/qr-store?id=045430be-be4f-4c72-99e6-14f8012b5145","timestamp":"2024-08-02T05:21:38.999Z"}
{"error":"User validation failed: username: Path `username` is required.","level":"error","message":"Error in saving user:","timestamp":"2024-08-02T05:21:39.120Z"}
{"level":"info","message":"Registering user: undefined","timestamp":"2024-08-02T05:21:41.628Z"}
{"level":"info","message":"Creating credential","timestamp":"2024-08-02T05:21:41.629Z"}
{"level":"info","message":"Creating QR code","timestamp":"2024-08-02T05:21:41.731Z"}
{"level":"info","message":"QR code link generated: http://34.93.171.75:3002/v1/qr-store?id=8c4ff56c-2f00-4e66-88ec-4d9f1d9edce9","timestamp":"2024-08-02T05:21:41.822Z"}
{"error":"User validation failed: username: Path `username` is required.","level":"error","message":"Error in saving user:","timestamp":"2024-08-02T05:21:41.959Z"}
{"level":"info","message":"Registering user: 0x3524475669908C46b4417743D2B9D0d16a4eF378","timestamp":"2024-08-02T05:53:49.705Z"}
{"level":"info","message":"Creating credential","timestamp":"2024-08-02T05:53:49.707Z"}
{"level":"info","message":"Creating QR code","timestamp":"2024-08-02T05:53:51.126Z"}
{"level":"info","message":"QR code link generated: http://34.93.171.75:3002/v1/qr-store?id=c3244539-b1dd-4c89-b216-da33484df559","timestamp":"2024-08-02T05:53:51.215Z"}
{"level":"info","message":"User saved successfully: 0x3524475669908C46b4417743D2B9D0d16a4eF378","timestamp":"2024-08-02T05:53:51.391Z"}
{"level":"info","message":"Registration successful","timestamp":"2024-08-02T05:53:51.392Z","username":"0x3524475669908C46b4417743D2B9D0d16a4eF378"}
{"level":"info","message":"Registering user: 0xF3C95B1A8cAbf3D5151912377AeAdd84aA41c27C","timestamp":"2024-08-02T06:52:44.228Z"}
{"level":"info","message":"Creating credential","timestamp":"2024-08-02T06:52:44.230Z"}
{"level":"info","message":"Creating QR code","timestamp":"2024-08-02T06:52:45.608Z"}
{"level":"info","message":"QR code link generated: http://34.93.171.75:3002/v1/qr-store?id=7a18c5c1-9f58-44a8-9073-aff560246584","timestamp":"2024-08-02T06:52:45.701Z"}
{"level":"info","message":"User saved successfully: 0xF3C95B1A8cAbf3D5151912377AeAdd84aA41c27C","timestamp":"2024-08-02T06:52:45.906Z"}
{"level":"info","message":"Registration successful","timestamp":"2024-08-02T06:52:45.907Z","username":"0xF3C95B1A8cAbf3D5151912377AeAdd84aA41c27C"}
{"level":"info","message":"Registering user: 0x3524475669908C46b4417743D2B9D0d16a4eF378","timestamp":"2024-08-02T07:09:36.798Z"}
{"level":"info","message":"Creating credential","timestamp":"2024-08-02T07:09:36.801Z"}
{"level":"info","message":"Creating QR code","timestamp":"2024-08-02T07:09:38.839Z"}
{"level":"info","message":"QR code link generated: http://34.93.171.75:3002/v1/qr-store?id=8f41f4b3-23b7-4b8f-ad4c-a95f1c85fbdb","timestamp":"2024-08-02T07:09:38.938Z"}
{"level":"info","message":"User saved successfully: 0x3524475669908C46b4417743D2B9D0d16a4eF378","timestamp":"2024-08-02T07:09:39.114Z"}
{"level":"info","message":"Registration successful","timestamp":"2024-08-02T07:09:39.115Z","username":"0x3524475669908C46b4417743D2B9D0d16a4eF378"}
{"level":"info","message":"Registering user: 0x3524475669908C46b4417743D2B9D0d16a4eF378","timestamp":"2024-08-05T10:12:55.896Z"}
{"level":"info","message":"Creating credential","timestamp":"2024-08-05T10:12:55.899Z"}
{"error":"connect ETIMEDOUT 34.93.171.75:3002","level":"error","message":"Error in registration process","timestamp":"2024-08-05T10:13:16.955Z","username":"0x3524475669908C46b4417743D2B9D0d16a4eF378"}
{"level":"info","message":"Registering user: 0x3524475669908C46b4417743D2B9D0d16a4eF378","timestamp":"2024-08-11T08:36:23.330Z"}
{"level":"info","message":"Creating credential","timestamp":"2024-08-11T08:36:23.335Z"}
{"level":"info","message":"Creating QR code","timestamp":"2024-08-11T08:36:24.314Z"}
{"level":"info","message":"QR code link generated: http://35.239.34.57:3002/v1/qr-store?id=42077f0e-d7d1-4594-9503-2fc863d55f10","timestamp":"2024-08-11T08:36:24.914Z"}
{"level":"info","message":"User saved successfully: 0x3524475669908C46b4417743D2B9D0d16a4eF378","timestamp":"2024-08-11T08:36:25.709Z"}
{"level":"info","message":"Registration successful","timestamp":"2024-08-11T08:36:25.711Z","username":"0x3524475669908C46b4417743D2B9D0d16a4eF378"}
{"level":"info","message":"Registering user: 0xF3C95B1A8cAbf3D5151912377AeAdd84aA41c27C","timestamp":"2024-08-11T08:40:50.204Z"}
{"level":"info","message":"Creating credential","timestamp":"2024-08-11T08:40:50.215Z"}
{"level":"info","message":"Creating QR code","timestamp":"2024-08-11T08:40:50.863Z"}
{"level":"info","message":"QR code link generated: http://35.239.34.57:3002/v1/qr-store?id=8aac267c-c5d1-43ea-bea2-ccc7e7637dac","timestamp":"2024-08-11T08:40:51.440Z"}
{"level":"info","message":"User saved successfully: 0xF3C95B1A8cAbf3D5151912377AeAdd84aA41c27C","timestamp":"2024-08-11T08:40:52.189Z"}
{"level":"info","message":"Registration successful","timestamp":"2024-08-11T08:40:52.190Z","username":"0xF3C95B1A8cAbf3D5151912377AeAdd84aA41c27C"}
{"level":"info","message":"Registering user: 0x3524475669908C46b4417743D2B9D0d16a4eF378","timestamp":"2024-08-12T05:02:44.538Z"}
{"level":"info","message":"Creating credential","timestamp":"2024-08-12T05:02:44.541Z"}
{"error":"connect ETIMEDOUT 35.244.0.131:3002","level":"error","message":"Error in registration process","timestamp":"2024-08-12T05:03:05.595Z","username":"0x3524475669908C46b4417743D2B9D0d16a4eF378"}
{"level":"info","message":"Registering user: 0x3524475669908C46b4417743D2B9D0d16a4eF378","timestamp":"2024-08-12T05:08:33.378Z"}
{"level":"info","message":"Creating credential","timestamp":"2024-08-12T05:08:33.381Z"}
{"error":"connect ETIMEDOUT 35.244.0.131:3002","level":"error","message":"Error in registration process","timestamp":"2024-08-12T05:08:54.413Z","username":"0x3524475669908C46b4417743D2B9D0d16a4eF378"}
{"level":"info","message":"Registering user: 0x3524475669908C46b4417743D2B9D0d16a4eF378","timestamp":"2024-08-12T05:11:21.262Z"}
{"level":"info","message":"Creating credential","timestamp":"2024-08-12T05:11:21.264Z"}
{"error":"connect ETIMEDOUT 35.244.0.131:3002","level":"error","message":"Error in registration process","timestamp":"2024-08-12T05:11:42.310Z","username":"0x3524475669908C46b4417743D2B9D0d16a4eF378"}
{"level":"info","message":"Registering user: 0x3524475669908C46b4417743D2B9D0d16a4eF378","timestamp":"2024-08-12T05:37:55.944Z"}
{"level":"info","message":"Creating credential","timestamp":"2024-08-12T05:37:55.945Z"}
{"error":"connect ETIMEDOUT 35.244.0.131:3002","level":"error","message":"Error in registration process","timestamp":"2024-08-12T05:38:17.008Z","username":"0x3524475669908C46b4417743D2B9D0d16a4eF378"}
{"level":"info","message":"Registering user: 0x3524475669908C46b4417743D2B9D0d16a4eF378","timestamp":"2024-08-12T05:38:43.234Z"}
{"level":"info","message":"Creating credential","timestamp":"2024-08-12T05:38:43.236Z"}
{"level":"info","message":"Creating QR code","timestamp":"2024-08-12T05:38:44.313Z"}
{"level":"info","message":"QR code link generated: http://35.239.34.57:3002/v1/qr-store?id=c88b82c4-c949-4bb6-8359-04deebe47ad6","timestamp":"2024-08-12T05:38:44.655Z"}
{"level":"info","message":"User saved successfully: 0x3524475669908C46b4417743D2B9D0d16a4eF378","timestamp":"2024-08-12T05:38:45.099Z"}
{"level":"info","message":"Registration successful","timestamp":"2024-08-12T05:38:45.100Z","username":"0x3524475669908C46b4417743D2B9D0d16a4eF378"}
{"level":"info","message":"Registering user: 0xF3C95B1A8cAbf3D5151912377AeAdd84aA41c27C","timestamp":"2024-08-12T06:17:19.073Z"}
{"level":"info","message":"Creating credential","timestamp":"2024-08-12T06:17:19.083Z"}
{"level":"info","message":"Creating QR code","timestamp":"2024-08-12T06:17:20.079Z"}
{"level":"info","message":"QR code link generated: http://35.239.34.57:3002/v1/qr-store?id=e9bbb6f1-6c5d-4c59-adf0-ce77b96d7c73","timestamp":"2024-08-12T06:17:20.418Z"}
{"level":"info","message":"User saved successfully: 0xF3C95B1A8cAbf3D5151912377AeAdd84aA41c27C","timestamp":"2024-08-12T06:17:20.849Z"}
{"level":"info","message":"Registration successful","timestamp":"2024-08-12T06:17:20.849Z","username":"0xF3C95B1A8cAbf3D5151912377AeAdd84aA41c27C"}
{"level":"info","message":"Registering user: 0xF3C95B1A8cAbf3D5151912377AeAdd84aA41c27C","timestamp":"2024-08-12T06:18:47.503Z"}
{"level":"info","message":"Creating credential","timestamp":"2024-08-12T06:18:47.504Z"}
{"level":"info","message":"Creating QR code","timestamp":"2024-08-12T06:18:48.123Z"}
{"level":"info","message":"QR code link generated: http://35.239.34.57:3002/v1/qr-store?id=1d9e6189-f1d0-45af-8e92-ed60e14f2cd0","timestamp":"2024-08-12T06:18:48.446Z"}
{"level":"info","message":"User saved successfully: 0xF3C95B1A8cAbf3D5151912377AeAdd84aA41c27C","timestamp":"2024-08-12T06:18:48.844Z"}
{"level":"info","message":"Registration successful","timestamp":"2024-08-12T06:18:48.845Z","username":"0xF3C95B1A8cAbf3D5151912377AeAdd84aA41c27C"}
{"level":"info","message":"Registering user: 0x3524475669908C46b4417743D2B9D0d16a4eF378","timestamp":"2024-08-12T07:29:57.030Z"}
{"level":"info","message":"Creating credential","timestamp":"2024-08-12T07:29:57.032Z"}
{"level":"info","message":"Creating QR code","timestamp":"2024-08-12T07:29:58.123Z"}
{"level":"info","message":"QR code link generated: http://35.239.34.57:3002/v1/qr-store?id=1bf952f8-6bd2-4f48-90f5-fb59dc4fb93d","timestamp":"2024-08-12T07:29:58.460Z"}
{"level":"info","message":"User saved successfully: 0x3524475669908C46b4417743D2B9D0d16a4eF378","timestamp":"2024-08-12T07:29:58.874Z"}
{"level":"info","message":"Registration successful","timestamp":"2024-08-12T07:29:58.875Z","username":"0x3524475669908C46b4417743D2B9D0d16a4eF378"}
{"level":"info","message":"Registering user: 0xF3C95B1A8cAbf3D5151912377AeAdd84aA41c27C","timestamp":"2024-08-12T07:33:29.103Z"}
{"level":"info","message":"Creating credential","timestamp":"2024-08-12T07:33:29.103Z"}
{"level":"info","message":"Creating QR code","timestamp":"2024-08-12T07:33:29.739Z"}
{"level":"info","message":"QR code link generated: http://35.239.34.57:3002/v1/qr-store?id=a8cb4147-b3b8-4de4-abae-6503fcd35960","timestamp":"2024-08-12T07:33:30.081Z"}
{"level":"info","message":"User saved successfully: 0xF3C95B1A8cAbf3D5151912377AeAdd84aA41c27C","timestamp":"2024-08-12T07:33:31.262Z"}
{"level":"info","message":"Registration successful","timestamp":"2024-08-12T07:33:31.263Z","username":"0xF3C95B1A8cAbf3D5151912377AeAdd84aA41c27C"}
{"level":"info","message":"Registering user: 0x3524475669908C46b4417743D2B9D0d16a4eF378","timestamp":"2024-08-12T09:13:27.546Z"}
{"level":"info","message":"Creating credential","timestamp":"2024-08-12T09:13:27.551Z"}
{"level":"info","message":"Creating QR code","timestamp":"2024-08-12T09:13:28.636Z"}
{"level":"info","message":"QR code link generated: http://35.239.34.57:3002/v1/qr-store?id=cebfc6f5-81e6-4a21-a72d-20bbaab8ee89","timestamp":"2024-08-12T09:13:28.974Z"}
{"level":"info","message":"User saved successfully: 0x3524475669908C46b4417743D2B9D0d16a4eF378","timestamp":"2024-08-12T09:13:29.777Z"}
{"level":"info","message":"Registration successful","timestamp":"2024-08-12T09:13:29.778Z","username":"0x3524475669908C46b4417743D2B9D0d16a4eF378"}
{"level":"info","message":"Registering user: 0xF3C95B1A8cAbf3D5151912377AeAdd84aA41c27C","timestamp":"2024-08-12T09:16:28.896Z"}
{"level":"info","message":"Creating credential","timestamp":"2024-08-12T09:16:28.900Z"}
{"level":"info","message":"Creating QR code","timestamp":"2024-08-12T09:16:29.525Z"}
{"level":"info","message":"QR code link generated: http://35.239.34.57:3002/v1/qr-store?id=20070836-9d2e-408f-b969-9bc74084a8f9","timestamp":"2024-08-12T09:16:29.854Z"}
{"level":"info","message":"User saved successfully: 0xF3C95B1A8cAbf3D5151912377AeAdd84aA41c27C","timestamp":"2024-08-12T09:16:30.277Z"}
{"level":"info","message":"Registration successful","timestamp":"2024-08-12T09:16:30.278Z","username":"0xF3C95B1A8cAbf3D5151912377AeAdd84aA41c27C"}
{"level":"info","message":"Registering user: 0x3524475669908C46b4417743D2B9D0d16a4eF378","timestamp":"2024-08-12T10:20:00.452Z"}
{"level":"info","message":"Creating credential","timestamp":"2024-08-12T10:20:00.454Z"}
{"level":"info","message":"Creating QR code","timestamp":"2024-08-12T10:20:01.521Z"}
{"level":"info","message":"QR code link generated: http://35.239.34.57:3002/v1/qr-store?id=333a66e9-3817-40b1-a0df-219152e0aeab","timestamp":"2024-08-12T10:20:01.853Z"}
{"level":"info","message":"User saved successfully: 0x3524475669908C46b4417743D2B9D0d16a4eF378","timestamp":"2024-08-12T10:20:02.542Z"}
{"level":"info","message":"Registration successful","timestamp":"2024-08-12T10:20:02.543Z","username":"0x3524475669908C46b4417743D2B9D0d16a4eF378"}
{"level":"info","message":"Registering user: 0xF3C95B1A8cAbf3D5151912377AeAdd84aA41c27C","timestamp":"2024-08-12T10:24:03.592Z"}
{"level":"info","message":"Creating credential","timestamp":"2024-08-12T10:24:03.596Z"}
{"level":"info","message":"Creating QR code","timestamp":"2024-08-12T10:24:04.245Z"}
{"level":"info","message":"QR code link generated: http://35.239.34.57:3002/v1/qr-store?id=368fa08e-5bc1-4a34-bbf9-9f45c3fbbe23","timestamp":"2024-08-12T10:24:04.582Z"}
{"level":"info","message":"User saved successfully: 0xF3C95B1A8cAbf3D5151912377AeAdd84aA41c27C","timestamp":"2024-08-12T10:24:05.000Z"}
{"level":"info","message":"Registration successful","timestamp":"2024-08-12T10:24:05.000Z","username":"0xF3C95B1A8cAbf3D5151912377AeAdd84aA41c27C"}
{"level":"info","message":"Registering user: 0x3524475669908C46b4417743D2B9D0d16a4eF378","timestamp":"2024-08-12T10:32:25.360Z"}
{"level":"info","message":"Creating credential","timestamp":"2024-08-12T10:32:25.361Z"}
{"level":"info","message":"Creating QR code","timestamp":"2024-08-12T10:32:26.638Z"}
{"level":"info","message":"QR code link generated: http://35.239.34.57:3002/v1/qr-store?id=65331bfa-a70a-4415-9772-70e7f564676e","timestamp":"2024-08-12T10:32:26.991Z"}
{"level":"info","message":"User saved successfully: 0x3524475669908C46b4417743D2B9D0d16a4eF378","timestamp":"2024-08-12T10:32:27.468Z"}
{"level":"info","message":"Registration successful","timestamp":"2024-08-12T10:32:27.468Z","username":"0x3524475669908C46b4417743D2B9D0d16a4eF378"}
{"level":"info","message":"Registering user: 0xF3C95B1A8cAbf3D5151912377AeAdd84aA41c27C","timestamp":"2024-08-12T10:35:27.942Z"}
{"level":"info","message":"Creating credential","timestamp":"2024-08-12T10:35:27.943Z"}
{"level":"info","message":"Creating QR code","timestamp":"2024-08-12T10:35:28.593Z"}
{"level":"info","message":"QR code link generated: http://35.239.34.57:3002/v1/qr-store?id=6097eaef-74ba-4faf-b79e-ea4aa7c84920","timestamp":"2024-08-12T10:35:28.936Z"}
{"level":"info","message":"User saved successfully: 0xF3C95B1A8cAbf3D5151912377AeAdd84aA41c27C","timestamp":"2024-08-12T10:35:29.358Z"}
{"level":"info","message":"Registration successful","timestamp":"2024-08-12T10:35:29.358Z","username":"0xF3C95B1A8cAbf3D5151912377AeAdd84aA41c27C"}
{"level":"info","message":"Registering user: 0x3524475669908C46b4417743D2B9D0d16a4eF378","timestamp":"2024-08-12T10:46:19.363Z"}
{"level":"info","message":"Creating credential","timestamp":"2024-08-12T10:46:19.366Z"}
{"level":"info","message":"Creating QR code","timestamp":"2024-08-12T10:46:20.415Z"}
{"level":"info","message":"QR code link generated: http://35.239.34.57:3002/v1/qr-store?id=a1c24c63-f13c-4cf5-bb8f-99d64553343c","timestamp":"2024-08-12T10:46:20.751Z"}
{"level":"info","message":"User saved successfully: 0x3524475669908C46b4417743D2B9D0d16a4eF378","timestamp":"2024-08-12T10:46:21.219Z"}
{"level":"info","message":"Registration successful","timestamp":"2024-08-12T10:46:21.220Z","username":"0x3524475669908C46b4417743D2B9D0d16a4eF378"}
{"level":"info","message":"Registering user: 0xF3C95B1A8cAbf3D5151912377AeAdd84aA41c27C","timestamp":"2024-08-12T10:50:56.738Z"}
{"level":"info","message":"Creating credential","timestamp":"2024-08-12T10:50:56.740Z"}
{"level":"info","message":"Creating QR code","timestamp":"2024-08-12T10:50:57.388Z"}
{"level":"info","message":"QR code link generated: http://35.239.34.57:3002/v1/qr-store?id=ba8771a9-3d34-4249-b4a7-2ef09e6e5bf1","timestamp":"2024-08-12T10:50:57.722Z"}
{"level":"info","message":"User saved successfully: 0xF3C95B1A8cAbf3D5151912377AeAdd84aA41c27C","timestamp":"2024-08-12T10:50:58.146Z"}
{"level":"info","message":"Registration successful","timestamp":"2024-08-12T10:50:58.146Z","username":"0xF3C95B1A8cAbf3D5151912377AeAdd84aA41c27C"}
{"level":"info","message":"Registering user: 0x3524475669908C46b4417743D2B9D0d16a4eF378","timestamp":"2024-08-12T12:13:17.839Z"}
{"level":"info","message":"Creating credential","timestamp":"2024-08-12T12:13:17.841Z"}
{"level":"info","message":"Creating QR code","timestamp":"2024-08-12T12:13:18.892Z"}
{"level":"info","message":"QR code link generated: http://35.239.34.57:3002/v1/qr-store?id=72cae357-5834-4ad7-927c-ead89e384581","timestamp":"2024-08-12T12:13:19.251Z"}
{"level":"info","message":"User saved successfully: 0x3524475669908C46b4417743D2B9D0d16a4eF378","timestamp":"2024-08-12T12:13:19.743Z"}
{"level":"info","message":"Registration successful","timestamp":"2024-08-12T12:13:19.744Z","username":"0x3524475669908C46b4417743D2B9D0d16a4eF378"}
{"level":"info","message":"Registering user: 0xF3C95B1A8cAbf3D5151912377AeAdd84aA41c27C","timestamp":"2024-08-12T12:26:21.436Z"}
{"level":"info","message":"Creating credential","timestamp":"2024-08-12T12:26:21.437Z"}
{"level":"info","message":"Creating QR code","timestamp":"2024-08-12T12:26:22.556Z"}
{"level":"info","message":"QR code link generated: http://35.239.34.57:3002/v1/qr-store?id=60d3a2a7-a15e-4a7e-8b79-046fd25b6a8b","timestamp":"2024-08-12T12:26:22.895Z"}
{"level":"info","message":"User saved successfully: 0xF3C95B1A8cAbf3D5151912377AeAdd84aA41c27C","timestamp":"2024-08-12T12:26:23.310Z"}
{"level":"info","message":"Registration successful","timestamp":"2024-08-12T12:26:23.310Z","username":"0xF3C95B1A8cAbf3D5151912377AeAdd84aA41c27C"}
{"level":"info","message":"Registering user: 0x3524475669908C46b4417743D2B9D0d16a4eF378","timestamp":"2024-08-12T12:42:44.404Z"}
{"level":"info","message":"Creating credential","timestamp":"2024-08-12T12:42:44.407Z"}
{"level":"info","message":"Creating QR code","timestamp":"2024-08-12T12:42:45.364Z"}
{"level":"info","message":"QR code link generated: http://35.239.34.57:3002/v1/qr-store?id=62601a6b-56d5-4ffe-a114-6972f7e4e1f5","timestamp":"2024-08-12T12:42:45.704Z"}
{"level":"info","message":"User saved successfully: 0x3524475669908C46b4417743D2B9D0d16a4eF378","timestamp":"2024-08-12T12:42:46.222Z"}
{"level":"info","message":"Registration successful","timestamp":"2024-08-12T12:42:46.223Z","username":"0x3524475669908C46b4417743D2B9D0d16a4eF378"}
{"level":"info","message":"Registering user: 0xF3C95B1A8cAbf3D5151912377AeAdd84aA41c27C","timestamp":"2024-08-12T12:48:05.330Z"}
{"level":"info","message":"Creating credential","timestamp":"2024-08-12T12:48:05.331Z"}
{"level":"info","message":"Creating QR code","timestamp":"2024-08-12T12:48:06.206Z"}
{"level":"info","message":"QR code link generated: http://35.239.34.57:3002/v1/qr-store?id=a405b361-166f-443d-a66f-91376d68a723","timestamp":"2024-08-12T12:48:06.562Z"}
{"level":"info","message":"User saved successfully: 0xF3C95B1A8cAbf3D5151912377AeAdd84aA41c27C","timestamp":"2024-08-12T12:48:07.000Z"}
{"level":"info","message":"Registration successful","timestamp":"2024-08-12T12:48:07.001Z","username":"0xF3C95B1A8cAbf3D5151912377AeAdd84aA41c27C"}
{"level":"info","message":"Registering user: 0xF3C95B1A8cAbf3D5151912377AeAdd84aA41c27C","timestamp":"2024-08-12T12:48:41.548Z"}
{"level":"info","message":"Creating credential","timestamp":"2024-08-12T12:48:41.549Z"}
{"level":"info","message":"Creating QR code","timestamp":"2024-08-12T12:48:42.207Z"}
{"level":"info","message":"QR code link generated: http://35.239.34.57:3002/v1/qr-store?id=7f016cac-d8e4-4c84-8b60-bf77b255393d","timestamp":"2024-08-12T12:48:42.546Z"}
{"level":"warn","message":"User already exists: 0xF3C95B1A8cAbf3D5151912377AeAdd84aA41c27C","timestamp":"2024-08-12T12:48:42.937Z"}
{"level":"info","message":"Registering user: 0xF3C95B1A8cAbf3D5151912377AeAdd84aA41c27C","timestamp":"2024-08-12T12:58:42.151Z"}
{"level":"info","message":"Creating credential","timestamp":"2024-08-12T12:58:42.152Z"}
{"level":"info","message":"Creating QR code","timestamp":"2024-08-12T12:58:43.341Z"}
{"level":"info","message":"QR code link generated: http://35.239.34.57:3002/v1/qr-store?id=3929eee8-67ca-4c06-8db9-7384c047e6f2","timestamp":"2024-08-12T12:58:43.715Z"}
{"level":"info","message":"User saved successfully: 0xF3C95B1A8cAbf3D5151912377AeAdd84aA41c27C","timestamp":"2024-08-12T12:58:44.177Z"}
{"level":"info","message":"Registration successful","timestamp":"2024-08-12T12:58:44.177Z","username":"0xF3C95B1A8cAbf3D5151912377AeAdd84aA41c27C"}
{"level":"info","message":"Registering user: 0x3524475669908C46b4417743D2B9D0d16a4eF378","timestamp":"2024-08-13T04:45:29.330Z"}
{"level":"info","message":"Creating credential","timestamp":"2024-08-13T04:45:29.335Z"}
{"level":"info","message":"Creating QR code","timestamp":"2024-08-13T04:45:30.451Z"}
{"level":"info","message":"QR code link generated: http://35.239.34.57:3002/v1/qr-store?id=3d0cb68b-1509-4177-9df6-90936b775382","timestamp":"2024-08-13T04:45:30.788Z"}
{"level":"info","message":"User saved successfully: 0x3524475669908C46b4417743D2B9D0d16a4eF378","timestamp":"2024-08-13T04:45:31.236Z"}
{"level":"info","message":"Registration successful","timestamp":"2024-08-13T04:45:31.236Z","username":"0x3524475669908C46b4417743D2B9D0d16a4eF378"}
{"level":"info","message":"Registering user: 0x3524475669908C46b4417743D2B9D0d16a4eF378","timestamp":"2024-08-13T04:48:34.420Z"}
{"level":"info","message":"Creating credential","timestamp":"2024-08-13T04:48:34.421Z"}
{"level":"info","message":"Creating QR code","timestamp":"2024-08-13T04:48:35.053Z"}
{"level":"info","message":"QR code link generated: http://35.239.34.57:3002/v1/qr-store?id=4a7b5f66-ec7f-47b0-9be7-b2a389acf987","timestamp":"2024-08-13T04:48:35.385Z"}
{"level":"info","message":"User saved successfully: 0x3524475669908C46b4417743D2B9D0d16a4eF378","timestamp":"2024-08-13T04:48:35.830Z"}
{"level":"info","message":"Registration successful","timestamp":"2024-08-13T04:48:35.831Z","username":"0x3524475669908C46b4417743D2B9D0d16a4eF378"}
{"level":"info","message":"Registering user: 0xF3C95B1A8cAbf3D5151912377AeAdd84aA41c27C","timestamp":"2024-08-13T04:53:03.260Z"}
{"level":"info","message":"Creating credential","timestamp":"2024-08-13T04:53:03.261Z"}
{"level":"info","message":"Creating QR code","timestamp":"2024-08-13T04:53:04.269Z"}
{"level":"info","message":"QR code link generated: http://35.239.34.57:3002/v1/qr-store?id=955051f2-1df2-4e6b-9adb-b50549e3e7f0","timestamp":"2024-08-13T04:53:04.611Z"}
{"level":"info","message":"User saved successfully: 0xF3C95B1A8cAbf3D5151912377AeAdd84aA41c27C","timestamp":"2024-08-13T04:53:05.014Z"}
{"level":"info","message":"Registration successful","timestamp":"2024-08-13T04:53:05.016Z","username":"0xF3C95B1A8cAbf3D5151912377AeAdd84aA41c27C"}
{"level":"info","message":"Registering user: 0xF3C95B1A8cAbf3D5151912377AeAdd84aA41c27C","timestamp":"2024-08-13T04:53:34.740Z"}
{"level":"info","message":"Creating credential","timestamp":"2024-08-13T04:53:34.742Z"}
{"level":"info","message":"Creating QR code","timestamp":"2024-08-13T04:53:35.404Z"}
{"level":"info","message":"QR code link generated: http://35.239.34.57:3002/v1/qr-store?id=492401be-c6fe-47e9-9b6f-e05f6dfd970b","timestamp":"2024-08-13T04:53:35.763Z"}
{"level":"warn","message":"User already exists: 0xF3C95B1A8cAbf3D5151912377AeAdd84aA41c27C","timestamp":"2024-08-13T04:53:36.140Z"}
{"level":"info","message":"Registering user: 0xF3C95B1A8cAbf3D5151912377AeAdd84aA41c27C","timestamp":"2024-08-13T04:59:18.473Z"}
{"level":"info","message":"Creating credential","timestamp":"2024-08-13T04:59:18.473Z"}
{"level":"info","message":"Creating QR code","timestamp":"2024-08-13T04:59:19.423Z"}
{"level":"info","message":"QR code link generated: http://35.239.34.57:3002/v1/qr-store?id=0aecc4e6-0379-4927-9726-cc2732d5a27f","timestamp":"2024-08-13T04:59:19.765Z"}
{"level":"info","message":"User saved successfully: 0xF3C95B1A8cAbf3D5151912377AeAdd84aA41c27C","timestamp":"2024-08-13T04:59:20.157Z"}
{"level":"info","message":"Registration successful","timestamp":"2024-08-13T04:59:20.158Z","username":"0xF3C95B1A8cAbf3D5151912377AeAdd84aA41c27C"}
